internal/featureflags/featureflags.go: IsFormulaV2Enabled
internal/featureflags/featureflags.go: IsGraphApplyEnabled
internal/featureflags/featureflags.go: SetFormulaV2Enabled
internal/featureflags/featureflags.go: SetGraphApplyEnabled
internal/formula/compile.go: IsFormulaV2Enabled
internal/formula/compile.go: SetFormulaV2Enabled
internal/formula/compile.go: formulaV2Enabled
internal/formula/fragment.go: IsFormulaV2Enabled
internal/formula/requirements.go: formulaV2Enabled
internal/formulatest/v2.go: EnableV2ForTest
internal/formulatest/v2.go: HoldV2ForTest
internal/formulatest/v2.go: IsFormulaV2Enabled
internal/formulatest/v2.go: LockV2ForTest
internal/formulatest/v2.go: SetFormulaV2Enabled
internal/formulatest/v2.go: SetV2ForTest
internal/molecule/graph_apply.go: IsGraphApplyEnabled
internal/molecule/graph_apply.go: SetGraphApplyEnabled
internal/molecule/graph_apply.go: graphApplyEnabled
internal/molecule/molecule.go: IsGraphApplyEnabled
